HTTP/1.1 200 OK
Server: nginx
Content-Type: text/html; charset=UTF-8
Transfer-Encoding: chunked
Connection: keep-alive
X-File-Copier-Md5: 469b2839fa8bfbb0f9349595cf918494
X-File-Copier-Img-Width: 7149
X-File-Copier-Img-Height: 10036
X-File-Copier-Size: 13144829
X-Location: /data/2f/01/9e/8f/2f019e8f295ddc6418707839aeb49c5db123734950a508f76452aac1abb632a0.jpg
Content-Encoding: gzip

