HTTP/1.1 200 OK
X-File-Copier-Md5: 5fe39ce28d41c6c6efbb3bc76199cafd
X-File-Copier-Img-Width: 299
X-File-Copier-Img-Height: 519
X-File-Copier-Size: 124044
X-Location: /data/6b/23/34/7b/6b23347bd5689947b4c7f1346fe13f3f2a3dfc7fcd68f4d2fb2c3c7102070c7f.png
Access-Control-Expose-Headers: X-File-Copier-Size, X-Location, X-File-Copier-Img-Height, X-File-Copier-Img-Width, X-File-Copier-Md5

