HTTP/1.1 200 OK
X-File-Copier-Md5: 2474abe5e616180b3fd0ae1bfd12cd03
X-File-Copier-Img-Width: 299
X-File-Copier-Img-Height: 519
X-File-Copier-Size: 125407
X-Location: /data/30/db/14/24/30db142428fd5631adf6a3f9a7b428be0968d36b8315cab0690af4dcc572cfe6.png
Access-Control-Expose-Headers: X-File-Copier-Size, X-Location, X-File-Copier-Img-Height, X-File-Copier-Img-Width, X-File-Copier-Md5

