HTTP/1.1 200 OK
X-File-Copier-Md5: 1ea5d86eafef09ee1bd71af1f4312e5b
X-File-Copier-Img-Width: 4256
X-File-Copier-Img-Height: 2832
X-File-Copier-Size: 8075834
X-Location: /data/6e/e5/e0/95/6ee5e095dbe7f20c9d8643d1d27f7300ee0098f34202ab079ff01387a8ef5e07.jpg
Access-Control-Expose-Headers: X-File-Copier-Size, X-Location, X-File-Copier-Img-Height, X-File-Copier-Img-Width, X-File-Copier-Md5

