HTTP/1.1 200 OK
Server: nginx
Content-Type: text/html; charset=UTF-8
Transfer-Encoding: chunked
Connection: keep-alive
X-File-Copier-Md5: 19c7b466a3a68bb2b4de455e42f7b540
X-File-Copier-Img-Width: 230
X-File-Copier-Img-Height: 80
X-File-Copier-Size: 3040
X-Location: /data/1e/88/2c/7d/1e882c7d7b0edc400905b5a3286f1fe36ea4ac9724cece9cb07fc787c5a4d7de.png
Content-Encoding: gzip

