HTTP/1.1 200 OK
X-File-Copier-Md5: 31bc6fd6fa2c39fc8834d86942859654
X-File-Copier-Img-Width: 622
X-File-Copier-Img-Height: 620
X-File-Copier-Size: 202313
X-Location: /data/93/e1/c3/2f/93e1c32fbe5e999d3157545b13f83a31584ac7b826871d19586239286667cc31.jpg
Access-Control-Expose-Headers: X-File-Copier-Size, X-Location, X-File-Copier-Img-Height, X-File-Copier-Img-Width, X-File-Copier-Md5

